// Jest Snapshot v1, https://goo.gl/fbAQLP

exports[`PageSize Renders as expected 1`] = `
<div>
  <div
    class="undefined w-full max-w-screen-xl pl-4 pr-4 md:pl-24 md:pr-24"
  >
    <p>
      Bu
    </p>
  </div>
</div>
`;
