// Jest Snapshot v1, https://goo.gl/fbAQLP

exports[`SectionTitleText Renders as expected 1`] = `
<div>
  <div>
    <h2
      class="MuiTypography-root uppercase MuiTypography-h2 MuiTypography-alignCenter"
    >
      Bu
    </h2>
  </div>
</div>
`;
