// Jest Snapshot v1, https://goo.gl/fbAQLP

exports[`Paragraph Renders as expected 1`] = `
<div>
  <p
    class="MuiTypography-root sc-bdvvtL gedMyf MuiTypography-body1 MuiTypography-alignJustify"
  >
    <p>
      Bu
    </p>
  </p>
</div>
`;
