// Jest Snapshot v1, https://goo.gl/fbAQLP

exports[`SectionTitleDivider Renders as expected 1`] = `
<div>
  <div
    class="self-center border-b-2 border-black border-solid w-20 mt-4 mb-4"
  />
</div>
`;
