// Jest Snapshot v1, https://goo.gl/fbAQLP

exports[`AbilityIcon Renders as expected 1`] = `
<div>
  <div
    class="rounded-full w-min h-min"
    style="background-color: rgb(0, 2, 67); height: 100%; width: 100%; padding: 20%;"
  >
    <svg
      aria-hidden="true"
      class="MuiSvgIcon-root"
      focusable="false"
      style="color: rgb(60, 235, 147); height: 100%; width: 100%;"
      viewBox="0 0 24 24"
    >
      <path
        d="M9 17H7v-7h2v7zm4 0h-2V7h2v10zm4 0h-2v-4h2v4zm2 2H5V5h14v14zm0-16H5c-1.1 0-2 .9-2 2v14c0 1.1.9 2 2 2h14c1.1 0 2-.9 2-2V5c0-1.1-.9-2-2-2z"
      />
    </svg>
  </div>
</div>
`;
